


ARM Macro Assembler    Page 1 


    1 00000000                 AREA             mainarea,CODE
    2 00000000                 EXPORT           calculate
    3 00000000         
    4 00000000         calculate
    5 00000000 B510            STMFD            sp!, {r4, lr}
    6 00000002         
    7 00000002 EB00 0480       ADD              r4, r0, r0, LSL #2 ; r4 = r0 + 
                                                            4*r0 = 5*r0
    8 00000006 EB04 0001       ADD              r0, r4, r1  ; r0 = r4 + r1 = 5*
                                                            r0 + y
    9 0000000A         
   10 0000000A BD10            LDMFD            sp!, {r4, pc}
   11 0000000C         
   12 0000000C                 END
Command Line: --debug --xref --diag_suppress=9931 --cpu=Cortex-M4.fp.sp --depen
d=.\objects\asm.d -o.\objects\asm.o -I.\RTE\_STM32F407_Flash -IC:\KEIL_V5\ARM\P
ACK\ARM\CMSIS\5.8.0\CMSIS\Core\Include -IC:\KEIL_V5\ARM\PACK\Keil\STM32F4xx_DFP
\2.15.0\Drivers\CMSIS\Device\ST\STM32F4xx\Include --predefine="__UVISION_VERSIO
N SETA 535" --predefine="_RTE_ SETA 1" --predefine="STM32F407xx SETA 1" --prede
fine="_RTE_ SETA 1" --list=.\listings\asm.lst asm\asm.s



ARM Macro Assembler    Page 1 Alphabetic symbol ordering
Relocatable symbols

calculate 00000000

Symbol: calculate
   Definitions
      At line 4 in file asm\asm.s
   Uses
      At line 2 in file asm\asm.s
Comment: calculate used once
mainarea 00000000

Symbol: mainarea
   Definitions
      At line 1 in file asm\asm.s
   Uses
      None
Comment: mainarea unused
2 symbols
336 symbols in table
