


ARM Macro Assembler    Page 1 


    1 00000000                 AREA             mainarea,CODE
    2 00000000                 EXPORT           fib
    3 00000000                 IMPORT           report
    4 00000000         fib
    5 00000000 E92D 41F0       STMFD            sp!, {r4-r8, lr}
    6 00000004         
    7 00000004 4604            MOV              r4, r0
    8 00000006 F04F 0501       MOV              r5, #1      ; first value
    9 0000000A F04F 0601       MOV              r6, #1      ; second value
   10 0000000E         
   11 0000000E         fib_loop
   12 0000000E 2C00            CMP              r4, #0      ; check if counter 
                                                            is at the end
   13 00000010 D909            BLS              fib_loop_end ; end loop if coun
                                                            ter is at the end
   14 00000012         
   15 00000012 F1A4 0401       SUB              r4, r4, #1  ; decrement counter
                                                            
   16 00000016         
   17 00000016 4628            MOV              r0, r5      ; cache the fib num
                                                            ber to r0
   18 00000018 F7FF FFFE       BL               report      ; print the fib num
                                                            ber
   19 0000001C         
   20 0000001C EB05 0706       ADD              r7, r5, r6  ; add the two fib n
                                                            umbers store in r8
   21 00000020 4635            MOV              r5, r6      ; 
   22 00000022 463E            MOV              r6, r7      ; move r4 into r3  
                                                                   r3, r4
   23 00000024         
   24 00000024 E7F3            B                fib_loop    ; branch back to th
                                                            e start of the loop
                                                            
   25 00000026         fib_loop_end
   26 00000026         
   27 00000026 E8BD 81F0       LDMFD            sp!, {r4-r8, pc}
   28 0000002A         
   29 0000002A                 END
Command Line: --debug --xref --diag_suppress=9931 --cpu=Cortex-M4.fp.sp --depen
d=.\objects\asm.d -o.\objects\asm.o -I.\RTE\_STM32F407_Flash -IC:\KEIL_V5\ARM\P
ACK\ARM\CMSIS\5.8.0\CMSIS\Core\Include -IC:\KEIL_V5\ARM\PACK\Keil\STM32F4xx_DFP
\2.15.0\Drivers\CMSIS\Device\ST\STM32F4xx\Include --predefine="__UVISION_VERSIO
N SETA 535" --predefine="_RTE_ SETA 1" --predefine="STM32F407xx SETA 1" --prede
fine="_RTE_ SETA 1" --list=.\listings\asm.lst asm\asm.s



ARM Macro Assembler    Page 1 Alphabetic symbol ordering
Relocatable symbols

fib 00000000

Symbol: fib
   Definitions
      At line 4 in file asm\asm.s
   Uses
      At line 2 in file asm\asm.s
Comment: fib used once
fib_loop 0000000E

Symbol: fib_loop
   Definitions
      At line 11 in file asm\asm.s
   Uses
      At line 24 in file asm\asm.s
Comment: fib_loop used once
fib_loop_end 00000026

Symbol: fib_loop_end
   Definitions
      At line 25 in file asm\asm.s
   Uses
      At line 13 in file asm\asm.s
Comment: fib_loop_end used once
mainarea 00000000

Symbol: mainarea
   Definitions
      At line 1 in file asm\asm.s
   Uses
      None
Comment: mainarea unused
4 symbols



ARM Macro Assembler    Page 1 Alphabetic symbol ordering
External symbols

report 00000000

Symbol: report
   Definitions
      At line 3 in file asm\asm.s
   Uses
      At line 18 in file asm\asm.s
Comment: report used once
1 symbol
339 symbols in table
